// Jest Snapshot v1, https://goo.gl/fbAQLP

exports[`Game renders correctly 1`] = `
<DocumentFragment>
  <div
    class="game text-center"
    data-testid="game"
  >
    <div
      class="categories"
      data-testid="categories"
    >
      <span
        data-testid="description"
      >
        Category: 
      </span>
      <select
        data-testid="select"
      >
        <option
          data-testid="select-option"
          value="0"
        >
          Havana landmarks
        </option>
        <option
          data-testid="select-option"
          value="1"
        >
          Montreal landmarks
        </option>
        <option
          data-testid="select-option"
          value="2"
        >
          Vancouver landmarks
        </option>
        <option
          data-testid="select-option"
          value="3"
        >
          Spain landmarks
        </option>
        <option
          data-testid="select-option"
          value="4"
        >
          Germany landmarks
        </option>
        <option
          data-testid="select-option"
          value="5"
        >
          Soccer players
        </option>
        <option
          data-testid="select-option"
          value="6"
        >
          Fruits & Vegetables
        </option>
        <option
          data-testid="select-option"
          value="7"
        >
          Animals
        </option>
        <option
          data-testid="select-option"
          value="8"
        >
          Puppies
        </option>
        <option
          data-testid="select-option"
          value="9"
        >
          Seinfeld
        </option>
      </select>
    </div>
    <div
      class="images"
      data-testid="images"
    >
      <div
        class="user-image"
      >
        <span>
          : 
        </span>
        <img
          alt="user"
          class="image-token"
          src="https://firebasestorage.googleapis.com/v0/b/puzzle-ebd10.appspot.com/o/images%2Fhabana%2F0.jpg?alt=media"
        />
        <img
          alt="refresh"
          class="refresh"
          data-testid="user-image"
          id="user"
          src="https://firebasestorage.googleapis.com/v0/b/puzzle-ebd10.appspot.com/o/images%2Frefresh.png?alt=media"
        />
      </div>
      <div
        class="computer-image"
      >
        <span>
          : 
        </span>
        <img
          alt="computer"
          class="image-token"
          src="https://firebasestorage.googleapis.com/v0/b/puzzle-ebd10.appspot.com/o/images%2Fhabana%2F1.jpg?alt=media"
        />
        <img
          alt="refresh"
          class="refresh"
          data-testid="computer-image"
          id="computer"
          src="https://firebasestorage.googleapis.com/v0/b/puzzle-ebd10.appspot.com/o/images%2Frefresh.png?alt=media"
        />
      </div>
    </div>
    <div
      class="settings"
    >
      <div
        class="start"
        data-testid="startgame"
      >
        <span>
          ?
        </span>
        <select
          data-testid="select"
        >
          <option
            data-testid="select-option"
            selected=""
            value="2"
          />
          <option
            data-testid="select-option"
            value="1"
          />
        </select>
      </div>
      <div
        class="level"
        data-testid="level"
      >
        <span>
          ?
        </span>
        <select
          data-testid="select"
        >
          <option
            data-testid="select-option"
            selected=""
            value="1"
          >
             
          </option>
          <option
            data-testid="select-option"
            value="2"
          >
             
          </option>
        </select>
      </div>
    </div>
    <label>
      Board
    </label>
    <div
      class="board-footer"
    >
      <button
        class="play-again"
        data-testid="play"
      >
        Play
      </button>
    </div>
  </div>
</DocumentFragment>
`;
